MPLINK 5.08, LINKER
Linker Map File - Created Sun Jul 26 08:13:47 2020

                                 Section Info
                  Section       Type    Address   Location Size(Bytes)
                ---------  ---------  ---------  ---------  ---------
                   .org_0       code   0x000000    program   0x000004
                   .cinit    romdata   0x000004    program   0x000002
                   .org_1       code   0x000008    program   0x000002
                   .org_2       code   0x000018    program   0x000252
                    .code       code   0x00026a    program   0x0001b4
.config_300001_BUILD/DEFAULT/PRODUCTION/MAIN.O    romdata   0x300001    program   0x000001
.config_300002_BUILD/DEFAULT/PRODUCTION/MAIN.O    romdata   0x300002    program   0x000001
.config_300003_BUILD/DEFAULT/PRODUCTION/MAIN.O    romdata   0x300003    program   0x000001
.config_300005_BUILD/DEFAULT/PRODUCTION/MAIN.O    romdata   0x300005    program   0x000001
.config_300006_BUILD/DEFAULT/PRODUCTION/MAIN.O    romdata   0x300006    program   0x000001
.config_300008_BUILD/DEFAULT/PRODUCTION/MAIN.O    romdata   0x300008    program   0x000001
.config_300009_BUILD/DEFAULT/PRODUCTION/MAIN.O    romdata   0x300009    program   0x000001
.config_30000A_BUILD/DEFAULT/PRODUCTION/MAIN.O    romdata   0x30000a    program   0x000001
.config_30000B_BUILD/DEFAULT/PRODUCTION/MAIN.O    romdata   0x30000b    program   0x000001
.config_30000C_BUILD/DEFAULT/PRODUCTION/MAIN.O    romdata   0x30000c    program   0x000001
                   .udata      udata   0x000080       data   0x00000a



                              Program Memory Usage 
                               Start         End      
                           ---------   ---------      
                            0x000000    0x000005      
                            0x000008    0x000009      
                            0x000018    0x00041d      
                            0x300001    0x300003      
                            0x300005    0x300006      
                            0x300008    0x30000c      
            1048 out of 33048 program addresses used, program memory utilization is 3%



                              Symbols - Sorted by Name
                     Name    Address   Location    Storage File                     
                ---------  ---------  ---------  --------- ---------                
                  HighInt   0x000032    program     static /home/dinusha/MPLABXProjects/ASM452.X/main.asm
                     Main   0x000034    program     static /home/dinusha/MPLABXProjects/ASM452.X/main.asm
                TXPoll_sw   0x0001d0    program     static /home/dinusha/MPLABXProjects/ASM452.X/main.asm
           _ab_mode_input   0x0003b6    program     static /home/dinusha/MPLABXProjects/ASM452.X/addressbus.asm
          _ab_mode_output   0x0003d0    program     static /home/dinusha/MPLABXProjects/ASM452.X/addressbus.asm
           _db_mode_input   0x000328    program     static /home/dinusha/MPLABXProjects/ASM452.X/databus.asm
          _db_mode_output   0x00033a    program     static /home/dinusha/MPLABXProjects/ASM452.X/databus.asm
          addressbus_init   0x0003a6    program     extern /home/dinusha/MPLABXProjects/ASM452.X/addressbus.asm
          addressbus_read   0x0003ea    program     extern /home/dinusha/MPLABXProjects/ASM452.X/addressbus.asm
         addressbus_write   0x000404    program     extern /home/dinusha/MPLABXProjects/ASM452.X/addressbus.asm
       addressbusmode_set   0x0003ae    program     extern /home/dinusha/MPLABXProjects/ASM452.X/addressbus.asm
             databus_init   0x000318    program     extern /home/dinusha/MPLABXProjects/ASM452.X/databus.asm
             databus_read   0x000380    program     extern /home/dinusha/MPLABXProjects/ASM452.X/databus.asm
            databus_write   0x00034c    program     extern /home/dinusha/MPLABXProjects/ASM452.X/databus.asm
          databusmode_set   0x000320    program     extern /home/dinusha/MPLABXProjects/ASM452.X/databus.asm
             delay_millis   0x000274    program     extern /home/dinusha/MPLABXProjects/ASM452.X/delays.asm
                 delay_us   0x00026a    program     extern /home/dinusha/MPLABXProjects/ASM452.X/delays.asm
                  dm_loop   0x00026c    program     static /home/dinusha/MPLABXProjects/ASM452.X/delays.asm
                 dmi_loop   0x000276    program     static /home/dinusha/MPLABXProjects/ASM452.X/delays.asm
                main_loop   0x00006c    program     static /home/dinusha/MPLABXProjects/ASM452.X/main.asm
            mcp23s17_init   0x000296    program     extern /home/dinusha/MPLABXProjects/ASM452.X/mcp23s17.asm
            mcp23s17_read   0x0002c6    program     extern /home/dinusha/MPLABXProjects/ASM452.X/mcp23s17.asm
           mcp23s17_write   0x0002ae    program     extern /home/dinusha/MPLABXProjects/ASM452.X/mcp23s17.asm
                 mcu_init   0x000092    program     static /home/dinusha/MPLABXProjects/ASM452.X/main.asm
            read_complete   0x000310    program     static /home/dinusha/MPLABXProjects/ASM452.X/ssp_hw.asm
            sram_deselect   0x000262    program     static /home/dinusha/MPLABXProjects/ASM452.X/main.asm
                sram_read   0x000208    program     static /home/dinusha/MPLABXProjects/ASM452.X/main.asm
               sram_write   0x000230    program     static /home/dinusha/MPLABXProjects/ASM452.X/main.asm
                 ssp_init   0x0002de    program     extern /home/dinusha/MPLABXProjects/ASM452.X/ssp_hw.asm
                 ssp_read   0x000308    program     extern /home/dinusha/MPLABXProjects/ASM452.X/ssp_hw.asm
                ssp_write   0x0002f6    program     extern /home/dinusha/MPLABXProjects/ASM452.X/ssp_hw.asm
           sw_serial_done   0x0001f2    program     static /home/dinusha/MPLABXProjects/ASM452.X/main.asm
           sw_serial_loop   0x0001de    program     static /home/dinusha/MPLABXProjects/ASM452.X/main.asm
            sw_serial_one   0x0001f0    program     static /home/dinusha/MPLABXProjects/ASM452.X/main.asm
           sw_serial_zero   0x0001ea    program     static /home/dinusha/MPLABXProjects/ASM452.X/main.asm
            usart_getchar   0x0000be    program     static /home/dinusha/MPLABXProjects/ASM452.X/main.asm
        usart_getmessages   0x0000d4    program     static /home/dinusha/MPLABXProjects/ASM452.X/main.asm
          usart_hex2ascii   0x0001a4    program     static /home/dinusha/MPLABXProjects/ASM452.X/main.asm
               usart_init   0x0000a2    program     static /home/dinusha/MPLABXProjects/ASM452.X/main.asm
            usart_newline   0x0000c6    program     static /home/dinusha/MPLABXProjects/ASM452.X/main.asm
            usart_putchar   0x0000b6    program     static /home/dinusha/MPLABXProjects/ASM452.X/main.asm
           write_complete   0x0002fe    program     static /home/dinusha/MPLABXProjects/ASM452.X/ssp_hw.asm
                      ztn   0x0001c6    program     static /home/dinusha/MPLABXProjects/ASM452.X/main.asm
              DELAY1_TEMP   0x000080       data     static /home/dinusha/MPLABXProjects/ASM452.X/delays.asm
              DELAY2_TEMP   0x000081       data     static /home/dinusha/MPLABXProjects/ASM452.X/delays.asm
            MCP23X17_DATA   0x000085       data     extern /home/dinusha/MPLABXProjects/ASM452.X/mcp23s17.asm
             MCP23X17_REG   0x000084       data     extern /home/dinusha/MPLABXProjects/ASM452.X/mcp23s17.asm
                   TXDATA   0x000086       data     static /home/dinusha/MPLABXProjects/ASM452.X/ssp_hw.asm
           addressbus_val   0x000082       data     static /home/dinusha/MPLABXProjects/ASM452.X/main.asm
           addressbus_val   0x000088       data     extern /home/dinusha/MPLABXProjects/ASM452.X/addressbus.asm
                  db_temp   0x000087       data     static /home/dinusha/MPLABXProjects/ASM452.X/databus.asm



                              Symbols - Sorted by Address
                     Name    Address   Location    Storage File                     
                ---------  ---------  ---------  --------- ---------                
                  HighInt   0x000032    program     static /home/dinusha/MPLABXProjects/ASM452.X/main.asm
                     Main   0x000034    program     static /home/dinusha/MPLABXProjects/ASM452.X/main.asm
                main_loop   0x00006c    program     static /home/dinusha/MPLABXProjects/ASM452.X/main.asm
                 mcu_init   0x000092    program     static /home/dinusha/MPLABXProjects/ASM452.X/main.asm
               usart_init   0x0000a2    program     static /home/dinusha/MPLABXProjects/ASM452.X/main.asm
            usart_putchar   0x0000b6    program     static /home/dinusha/MPLABXProjects/ASM452.X/main.asm
            usart_getchar   0x0000be    program     static /home/dinusha/MPLABXProjects/ASM452.X/main.asm
            usart_newline   0x0000c6    program     static /home/dinusha/MPLABXProjects/ASM452.X/main.asm
        usart_getmessages   0x0000d4    program     static /home/dinusha/MPLABXProjects/ASM452.X/main.asm
          usart_hex2ascii   0x0001a4    program     static /home/dinusha/MPLABXProjects/ASM452.X/main.asm
                      ztn   0x0001c6    program     static /home/dinusha/MPLABXProjects/ASM452.X/main.asm
                TXPoll_sw   0x0001d0    program     static /home/dinusha/MPLABXProjects/ASM452.X/main.asm
           sw_serial_loop   0x0001de    program     static /home/dinusha/MPLABXProjects/ASM452.X/main.asm
           sw_serial_zero   0x0001ea    program     static /home/dinusha/MPLABXProjects/ASM452.X/main.asm
            sw_serial_one   0x0001f0    program     static /home/dinusha/MPLABXProjects/ASM452.X/main.asm
           sw_serial_done   0x0001f2    program     static /home/dinusha/MPLABXProjects/ASM452.X/main.asm
                sram_read   0x000208    program     static /home/dinusha/MPLABXProjects/ASM452.X/main.asm
               sram_write   0x000230    program     static /home/dinusha/MPLABXProjects/ASM452.X/main.asm
            sram_deselect   0x000262    program     static /home/dinusha/MPLABXProjects/ASM452.X/main.asm
                 delay_us   0x00026a    program     extern /home/dinusha/MPLABXProjects/ASM452.X/delays.asm
                  dm_loop   0x00026c    program     static /home/dinusha/MPLABXProjects/ASM452.X/delays.asm
             delay_millis   0x000274    program     extern /home/dinusha/MPLABXProjects/ASM452.X/delays.asm
                 dmi_loop   0x000276    program     static /home/dinusha/MPLABXProjects/ASM452.X/delays.asm
            mcp23s17_init   0x000296    program     extern /home/dinusha/MPLABXProjects/ASM452.X/mcp23s17.asm
           mcp23s17_write   0x0002ae    program     extern /home/dinusha/MPLABXProjects/ASM452.X/mcp23s17.asm
            mcp23s17_read   0x0002c6    program     extern /home/dinusha/MPLABXProjects/ASM452.X/mcp23s17.asm
                 ssp_init   0x0002de    program     extern /home/dinusha/MPLABXProjects/ASM452.X/ssp_hw.asm
                ssp_write   0x0002f6    program     extern /home/dinusha/MPLABXProjects/ASM452.X/ssp_hw.asm
           write_complete   0x0002fe    program     static /home/dinusha/MPLABXProjects/ASM452.X/ssp_hw.asm
                 ssp_read   0x000308    program     extern /home/dinusha/MPLABXProjects/ASM452.X/ssp_hw.asm
            read_complete   0x000310    program     static /home/dinusha/MPLABXProjects/ASM452.X/ssp_hw.asm
             databus_init   0x000318    program     extern /home/dinusha/MPLABXProjects/ASM452.X/databus.asm
          databusmode_set   0x000320    program     extern /home/dinusha/MPLABXProjects/ASM452.X/databus.asm
           _db_mode_input   0x000328    program     static /home/dinusha/MPLABXProjects/ASM452.X/databus.asm
          _db_mode_output   0x00033a    program     static /home/dinusha/MPLABXProjects/ASM452.X/databus.asm
            databus_write   0x00034c    program     extern /home/dinusha/MPLABXProjects/ASM452.X/databus.asm
             databus_read   0x000380    program     extern /home/dinusha/MPLABXProjects/ASM452.X/databus.asm
          addressbus_init   0x0003a6    program     extern /home/dinusha/MPLABXProjects/ASM452.X/addressbus.asm
       addressbusmode_set   0x0003ae    program     extern /home/dinusha/MPLABXProjects/ASM452.X/addressbus.asm
           _ab_mode_input   0x0003b6    program     static /home/dinusha/MPLABXProjects/ASM452.X/addressbus.asm
          _ab_mode_output   0x0003d0    program     static /home/dinusha/MPLABXProjects/ASM452.X/addressbus.asm
          addressbus_read   0x0003ea    program     extern /home/dinusha/MPLABXProjects/ASM452.X/addressbus.asm
         addressbus_write   0x000404    program     extern /home/dinusha/MPLABXProjects/ASM452.X/addressbus.asm
              DELAY1_TEMP   0x000080       data     static /home/dinusha/MPLABXProjects/ASM452.X/delays.asm
              DELAY2_TEMP   0x000081       data     static /home/dinusha/MPLABXProjects/ASM452.X/delays.asm
           addressbus_val   0x000082       data     static /home/dinusha/MPLABXProjects/ASM452.X/main.asm
             MCP23X17_REG   0x000084       data     extern /home/dinusha/MPLABXProjects/ASM452.X/mcp23s17.asm
            MCP23X17_DATA   0x000085       data     extern /home/dinusha/MPLABXProjects/ASM452.X/mcp23s17.asm
                   TXDATA   0x000086       data     static /home/dinusha/MPLABXProjects/ASM452.X/ssp_hw.asm
                  db_temp   0x000087       data     static /home/dinusha/MPLABXProjects/ASM452.X/databus.asm
           addressbus_val   0x000088       data     extern /home/dinusha/MPLABXProjects/ASM452.X/addressbus.asm


