MPLINK 5.09, LINKER
Linker Map File - Created Fri Aug 14 07:36:08 2020

                                 Section Info
                  Section       Type    Address   Location Size(Bytes)
                ---------  ---------  ---------  ---------  ---------
                   .org_0       code   0x000000    program   0x000004
                   .cinit    romdata   0x000004    program   0x000002
                   .org_1       code   0x000008    program   0x000006
                   .org_2       code   0x000018    program   0x00022c
                    .code       code   0x000244    program   0x000742
.config_300001_BUILD/DEFAULT/PRODUCTION/MAIN.O    romdata   0x300001    program   0x000001
.config_300002_BUILD/DEFAULT/PRODUCTION/MAIN.O    romdata   0x300002    program   0x000001
.config_300003_BUILD/DEFAULT/PRODUCTION/MAIN.O    romdata   0x300003    program   0x000001
.config_300005_BUILD/DEFAULT/PRODUCTION/MAIN.O    romdata   0x300005    program   0x000001
.config_300006_BUILD/DEFAULT/PRODUCTION/MAIN.O    romdata   0x300006    program   0x000001
.config_300008_BUILD/DEFAULT/PRODUCTION/MAIN.O    romdata   0x300008    program   0x000001
.config_300009_BUILD/DEFAULT/PRODUCTION/MAIN.O    romdata   0x300009    program   0x000001
.config_30000A_BUILD/DEFAULT/PRODUCTION/MAIN.O    romdata   0x30000a    program   0x000001
.config_30000B_BUILD/DEFAULT/PRODUCTION/MAIN.O    romdata   0x30000b    program   0x000001
.config_30000C_BUILD/DEFAULT/PRODUCTION/MAIN.O    romdata   0x30000c    program   0x000001
                   .udata      udata   0x000080       data   0x000018



                              Program Memory Usage 
                               Start         End      
                           ---------   ---------      
                            0x000000    0x000005      
                            0x000008    0x00000d      
                            0x000018    0x000985      
                            0x300001    0x300003      
                            0x300005    0x300006      
                            0x300008    0x30000c      
            2436 out of 33048 program addresses used, program memory utilization is 7%



                              Symbols - Sorted by Name
                     Name    Address   Location    Storage File                     
                ---------  ---------  ---------  --------- ---------                
                  HighInt   0x000032    program     static /home/dinusha/MPLABXProjects/ASM452.X/main.asm
                     Main   0x0000ac    program     static /home/dinusha/MPLABXProjects/ASM452.X/main.asm
           _ab_mode_input   0x00039c    program     static /home/dinusha/MPLABXProjects/ASM452.X/addressbus.asm
          _ab_mode_output   0x0003b6    program     static /home/dinusha/MPLABXProjects/ASM452.X/addressbus.asm
           _db_mode_input   0x00030e    program     static /home/dinusha/MPLABXProjects/ASM452.X/databus.asm
          _db_mode_output   0x000320    program     static /home/dinusha/MPLABXProjects/ASM452.X/databus.asm
           _psp_read_exit   0x000090    program     static /home/dinusha/MPLABXProjects/ASM452.X/main.asm
        _wr_sram_from_rom   0x000228    program     static /home/dinusha/MPLABXProjects/ASM452.X/main.asm
          addressbus_init   0x00038c    program     extern /home/dinusha/MPLABXProjects/ASM452.X/addressbus.asm
          addressbus_read   0x0003d0    program     extern /home/dinusha/MPLABXProjects/ASM452.X/addressbus.asm
         addressbus_write   0x0003ea    program     extern /home/dinusha/MPLABXProjects/ASM452.X/addressbus.asm
       addressbusmode_set   0x000394    program     extern /home/dinusha/MPLABXProjects/ASM452.X/addressbus.asm
             databus_init   0x0002fe    program     extern /home/dinusha/MPLABXProjects/ASM452.X/databus.asm
             databus_read   0x000366    program     extern /home/dinusha/MPLABXProjects/ASM452.X/databus.asm
            databus_write   0x000332    program     extern /home/dinusha/MPLABXProjects/ASM452.X/databus.asm
          databusmode_set   0x000308    program     extern /home/dinusha/MPLABXProjects/ASM452.X/databus.asm
             delay_millis   0x00025a    program     extern /home/dinusha/MPLABXProjects/ASM452.X/delays.asm
                 delay_us   0x000244    program     extern /home/dinusha/MPLABXProjects/ASM452.X/delays.asm
                  dm_loop   0x000246    program     static /home/dinusha/MPLABXProjects/ASM452.X/delays.asm
                 dmi_loop   0x00025c    program     static /home/dinusha/MPLABXProjects/ASM452.X/delays.asm
        handle_slave_read   0x00010a    program     static /home/dinusha/MPLABXProjects/ASM452.X/main.asm
       handle_slave_write   0x00013e    program     static /home/dinusha/MPLABXProjects/ASM452.X/main.asm
                 int_exit   0x00009a    program     static /home/dinusha/MPLABXProjects/ASM452.X/main.asm
                main_loop   0x0000ee    program     static /home/dinusha/MPLABXProjects/ASM452.X/main.asm
            mcp23s17_init   0x00027c    program     extern /home/dinusha/MPLABXProjects/ASM452.X/mcp23s17.asm
            mcp23s17_read   0x0002ac    program     extern /home/dinusha/MPLABXProjects/ASM452.X/mcp23s17.asm
           mcp23s17_write   0x000294    program     extern /home/dinusha/MPLABXProjects/ASM452.X/mcp23s17.asm
                 mcu_init   0x0000f6    program     static /home/dinusha/MPLABXProjects/ASM452.X/main.asm
                 psp_exit   0x000096    program     static /home/dinusha/MPLABXProjects/ASM452.X/main.asm
               psp_handle   0x000044    program     static /home/dinusha/MPLABXProjects/ASM452.X/main.asm
                 psp_read   0x00006e    program     static /home/dinusha/MPLABXProjects/ASM452.X/main.asm
            read_complete   0x0002f6    program     static /home/dinusha/MPLABXProjects/ASM452.X/ssp_hw.asm
          release_control   0x0001b8    program     static /home/dinusha/MPLABXProjects/ASM452.X/main.asm
                 rom_data   0x000586    program     extern /home/dinusha/MPLABXProjects/ASM452.X/rom.asm
           set_slave_mode   0x0001e4    program     static /home/dinusha/MPLABXProjects/ASM452.X/main.asm
            sram_deselect   0x00019e    program     static /home/dinusha/MPLABXProjects/ASM452.X/main.asm
                sram_init   0x0001a6    program     static /home/dinusha/MPLABXProjects/ASM452.X/main.asm
                sram_read   0x00014e    program     static /home/dinusha/MPLABXProjects/ASM452.X/main.asm
               sram_write   0x000178    program     static /home/dinusha/MPLABXProjects/ASM452.X/main.asm
                 ssp_init   0x0002c4    program     extern /home/dinusha/MPLABXProjects/ASM452.X/ssp_hw.asm
                 ssp_read   0x0002ee    program     extern /home/dinusha/MPLABXProjects/ASM452.X/ssp_hw.asm
                ssp_write   0x0002dc    program     extern /home/dinusha/MPLABXProjects/ASM452.X/ssp_hw.asm
           sw_serial_done   0x00056a    program     static /home/dinusha/MPLABXProjects/ASM452.X/usart_sw.asm
           sw_serial_loop   0x000556    program     static /home/dinusha/MPLABXProjects/ASM452.X/usart_sw.asm
            sw_serial_one   0x000568    program     static /home/dinusha/MPLABXProjects/ASM452.X/usart_sw.asm
           sw_serial_zero   0x000562    program     static /home/dinusha/MPLABXProjects/ASM452.X/usart_sw.asm
            usart_getchar   0x000422    program     extern /home/dinusha/MPLABXProjects/ASM452.X/usart_hw.asm
        usart_getmessages   0x000438    program     extern /home/dinusha/MPLABXProjects/ASM452.X/usart_hw.asm
          usart_hex2ascii   0x000534    program     extern /home/dinusha/MPLABXProjects/ASM452.X/usart_hw.asm
       usart_hex2ascii_nb   0x000508    program     static /home/dinusha/MPLABXProjects/ASM452.X/usart_hw.asm
               usart_init   0x000404    program     extern /home/dinusha/MPLABXProjects/ASM452.X/usart_hw.asm
            usart_newline   0x00042a    program     extern /home/dinusha/MPLABXProjects/ASM452.X/usart_hw.asm
            usart_putchar   0x00041a    program     extern /home/dinusha/MPLABXProjects/ASM452.X/usart_hw.asm
            usart_sw_init   0x000580    program     static /home/dinusha/MPLABXProjects/ASM452.X/usart_sw.asm
         usart_sw_putchar   0x000548    program     static /home/dinusha/MPLABXProjects/ASM452.X/usart_sw.asm
              wait_busack   0x0001dc    program     static /home/dinusha/MPLABXProjects/ASM452.X/main.asm
           write_complete   0x0002e4    program     static /home/dinusha/MPLABXProjects/ASM452.X/ssp_hw.asm
        write_rom_to_sram   0x000214    program     static /home/dinusha/MPLABXProjects/ASM452.X/main.asm
             write_to_rom   0x000242    program     static /home/dinusha/MPLABXProjects/ASM452.X/main.asm
                z80_reset   0x0001d0    program     static /home/dinusha/MPLABXProjects/ASM452.X/main.asm
                      ztn   0x00052a    program     static /home/dinusha/MPLABXProjects/ASM452.X/usart_hw.asm
              DELAY1_TEMP   0x000080       data     static /home/dinusha/MPLABXProjects/ASM452.X/delays.asm
              DELAY2_TEMP   0x000081       data     static /home/dinusha/MPLABXProjects/ASM452.X/delays.asm
            MCP23X17_DATA   0x00008e       data     extern /home/dinusha/MPLABXProjects/ASM452.X/mcp23s17.asm
             MCP23X17_REG   0x00008d       data     extern /home/dinusha/MPLABXProjects/ASM452.X/mcp23s17.asm
                   TXDATA   0x00008f       data     static /home/dinusha/MPLABXProjects/ASM452.X/ssp_hw.asm
           addressbus_val   0x000091       data     extern /home/dinusha/MPLABXProjects/ASM452.X/addressbus.asm
                  counter   0x000096       data     static /home/dinusha/MPLABXProjects/ASM452.X/usart_sw.asm
                  db_temp   0x000090       data     static /home/dinusha/MPLABXProjects/ASM452.X/databus.asm
                rx_buffer   0x000084       data     static /home/dinusha/MPLABXProjects/ASM452.X/main.asm
                 rx_count   0x000082       data     static /home/dinusha/MPLABXProjects/ASM452.X/main.asm
                slave_cmd   0x00008c       data     static /home/dinusha/MPLABXProjects/ASM452.X/main.asm
                    tdata   0x000095       data     static /home/dinusha/MPLABXProjects/ASM452.X/usart_sw.asm
                     temp   0x000093       data     static /home/dinusha/MPLABXProjects/ASM452.X/usart_hw.asm
                    temp2   0x000094       data     static /home/dinusha/MPLABXProjects/ASM452.X/usart_hw.asm
                tx_buffer   0x000088       data     static /home/dinusha/MPLABXProjects/ASM452.X/main.asm
                 tx_count   0x000083       data     static /home/dinusha/MPLABXProjects/ASM452.X/main.asm



                              Symbols - Sorted by Address
                     Name    Address   Location    Storage File                     
                ---------  ---------  ---------  --------- ---------                
                  HighInt   0x000032    program     static /home/dinusha/MPLABXProjects/ASM452.X/main.asm
               psp_handle   0x000044    program     static /home/dinusha/MPLABXProjects/ASM452.X/main.asm
                 psp_read   0x00006e    program     static /home/dinusha/MPLABXProjects/ASM452.X/main.asm
           _psp_read_exit   0x000090    program     static /home/dinusha/MPLABXProjects/ASM452.X/main.asm
                 psp_exit   0x000096    program     static /home/dinusha/MPLABXProjects/ASM452.X/main.asm
                 int_exit   0x00009a    program     static /home/dinusha/MPLABXProjects/ASM452.X/main.asm
                     Main   0x0000ac    program     static /home/dinusha/MPLABXProjects/ASM452.X/main.asm
                main_loop   0x0000ee    program     static /home/dinusha/MPLABXProjects/ASM452.X/main.asm
                 mcu_init   0x0000f6    program     static /home/dinusha/MPLABXProjects/ASM452.X/main.asm
        handle_slave_read   0x00010a    program     static /home/dinusha/MPLABXProjects/ASM452.X/main.asm
       handle_slave_write   0x00013e    program     static /home/dinusha/MPLABXProjects/ASM452.X/main.asm
                sram_read   0x00014e    program     static /home/dinusha/MPLABXProjects/ASM452.X/main.asm
               sram_write   0x000178    program     static /home/dinusha/MPLABXProjects/ASM452.X/main.asm
            sram_deselect   0x00019e    program     static /home/dinusha/MPLABXProjects/ASM452.X/main.asm
                sram_init   0x0001a6    program     static /home/dinusha/MPLABXProjects/ASM452.X/main.asm
          release_control   0x0001b8    program     static /home/dinusha/MPLABXProjects/ASM452.X/main.asm
                z80_reset   0x0001d0    program     static /home/dinusha/MPLABXProjects/ASM452.X/main.asm
              wait_busack   0x0001dc    program     static /home/dinusha/MPLABXProjects/ASM452.X/main.asm
           set_slave_mode   0x0001e4    program     static /home/dinusha/MPLABXProjects/ASM452.X/main.asm
        write_rom_to_sram   0x000214    program     static /home/dinusha/MPLABXProjects/ASM452.X/main.asm
        _wr_sram_from_rom   0x000228    program     static /home/dinusha/MPLABXProjects/ASM452.X/main.asm
             write_to_rom   0x000242    program     static /home/dinusha/MPLABXProjects/ASM452.X/main.asm
                 delay_us   0x000244    program     extern /home/dinusha/MPLABXProjects/ASM452.X/delays.asm
                  dm_loop   0x000246    program     static /home/dinusha/MPLABXProjects/ASM452.X/delays.asm
             delay_millis   0x00025a    program     extern /home/dinusha/MPLABXProjects/ASM452.X/delays.asm
                 dmi_loop   0x00025c    program     static /home/dinusha/MPLABXProjects/ASM452.X/delays.asm
            mcp23s17_init   0x00027c    program     extern /home/dinusha/MPLABXProjects/ASM452.X/mcp23s17.asm
           mcp23s17_write   0x000294    program     extern /home/dinusha/MPLABXProjects/ASM452.X/mcp23s17.asm
            mcp23s17_read   0x0002ac    program     extern /home/dinusha/MPLABXProjects/ASM452.X/mcp23s17.asm
                 ssp_init   0x0002c4    program     extern /home/dinusha/MPLABXProjects/ASM452.X/ssp_hw.asm
                ssp_write   0x0002dc    program     extern /home/dinusha/MPLABXProjects/ASM452.X/ssp_hw.asm
           write_complete   0x0002e4    program     static /home/dinusha/MPLABXProjects/ASM452.X/ssp_hw.asm
                 ssp_read   0x0002ee    program     extern /home/dinusha/MPLABXProjects/ASM452.X/ssp_hw.asm
            read_complete   0x0002f6    program     static /home/dinusha/MPLABXProjects/ASM452.X/ssp_hw.asm
             databus_init   0x0002fe    program     extern /home/dinusha/MPLABXProjects/ASM452.X/databus.asm
          databusmode_set   0x000308    program     extern /home/dinusha/MPLABXProjects/ASM452.X/databus.asm
           _db_mode_input   0x00030e    program     static /home/dinusha/MPLABXProjects/ASM452.X/databus.asm
          _db_mode_output   0x000320    program     static /home/dinusha/MPLABXProjects/ASM452.X/databus.asm
            databus_write   0x000332    program     extern /home/dinusha/MPLABXProjects/ASM452.X/databus.asm
             databus_read   0x000366    program     extern /home/dinusha/MPLABXProjects/ASM452.X/databus.asm
          addressbus_init   0x00038c    program     extern /home/dinusha/MPLABXProjects/ASM452.X/addressbus.asm
       addressbusmode_set   0x000394    program     extern /home/dinusha/MPLABXProjects/ASM452.X/addressbus.asm
           _ab_mode_input   0x00039c    program     static /home/dinusha/MPLABXProjects/ASM452.X/addressbus.asm
          _ab_mode_output   0x0003b6    program     static /home/dinusha/MPLABXProjects/ASM452.X/addressbus.asm
          addressbus_read   0x0003d0    program     extern /home/dinusha/MPLABXProjects/ASM452.X/addressbus.asm
         addressbus_write   0x0003ea    program     extern /home/dinusha/MPLABXProjects/ASM452.X/addressbus.asm
               usart_init   0x000404    program     extern /home/dinusha/MPLABXProjects/ASM452.X/usart_hw.asm
            usart_putchar   0x00041a    program     extern /home/dinusha/MPLABXProjects/ASM452.X/usart_hw.asm
            usart_getchar   0x000422    program     extern /home/dinusha/MPLABXProjects/ASM452.X/usart_hw.asm
            usart_newline   0x00042a    program     extern /home/dinusha/MPLABXProjects/ASM452.X/usart_hw.asm
        usart_getmessages   0x000438    program     extern /home/dinusha/MPLABXProjects/ASM452.X/usart_hw.asm
       usart_hex2ascii_nb   0x000508    program     static /home/dinusha/MPLABXProjects/ASM452.X/usart_hw.asm
                      ztn   0x00052a    program     static /home/dinusha/MPLABXProjects/ASM452.X/usart_hw.asm
          usart_hex2ascii   0x000534    program     extern /home/dinusha/MPLABXProjects/ASM452.X/usart_hw.asm
         usart_sw_putchar   0x000548    program     static /home/dinusha/MPLABXProjects/ASM452.X/usart_sw.asm
           sw_serial_loop   0x000556    program     static /home/dinusha/MPLABXProjects/ASM452.X/usart_sw.asm
           sw_serial_zero   0x000562    program     static /home/dinusha/MPLABXProjects/ASM452.X/usart_sw.asm
            sw_serial_one   0x000568    program     static /home/dinusha/MPLABXProjects/ASM452.X/usart_sw.asm
           sw_serial_done   0x00056a    program     static /home/dinusha/MPLABXProjects/ASM452.X/usart_sw.asm
            usart_sw_init   0x000580    program     static /home/dinusha/MPLABXProjects/ASM452.X/usart_sw.asm
                 rom_data   0x000586    program     extern /home/dinusha/MPLABXProjects/ASM452.X/rom.asm
              DELAY1_TEMP   0x000080       data     static /home/dinusha/MPLABXProjects/ASM452.X/delays.asm
              DELAY2_TEMP   0x000081       data     static /home/dinusha/MPLABXProjects/ASM452.X/delays.asm
                 rx_count   0x000082       data     static /home/dinusha/MPLABXProjects/ASM452.X/main.asm
                 tx_count   0x000083       data     static /home/dinusha/MPLABXProjects/ASM452.X/main.asm
                rx_buffer   0x000084       data     static /home/dinusha/MPLABXProjects/ASM452.X/main.asm
                tx_buffer   0x000088       data     static /home/dinusha/MPLABXProjects/ASM452.X/main.asm
                slave_cmd   0x00008c       data     static /home/dinusha/MPLABXProjects/ASM452.X/main.asm
             MCP23X17_REG   0x00008d       data     extern /home/dinusha/MPLABXProjects/ASM452.X/mcp23s17.asm
            MCP23X17_DATA   0x00008e       data     extern /home/dinusha/MPLABXProjects/ASM452.X/mcp23s17.asm
                   TXDATA   0x00008f       data     static /home/dinusha/MPLABXProjects/ASM452.X/ssp_hw.asm
                  db_temp   0x000090       data     static /home/dinusha/MPLABXProjects/ASM452.X/databus.asm
           addressbus_val   0x000091       data     extern /home/dinusha/MPLABXProjects/ASM452.X/addressbus.asm
                     temp   0x000093       data     static /home/dinusha/MPLABXProjects/ASM452.X/usart_hw.asm
                    temp2   0x000094       data     static /home/dinusha/MPLABXProjects/ASM452.X/usart_hw.asm
                    tdata   0x000095       data     static /home/dinusha/MPLABXProjects/ASM452.X/usart_sw.asm
                  counter   0x000096       data     static /home/dinusha/MPLABXProjects/ASM452.X/usart_sw.asm


