MPLINK 5.08, LINKER
Linker Map File - Created Fri Jul 31 03:32:34 2020

                                 Section Info
                  Section       Type    Address   Location Size(Bytes)
                ---------  ---------  ---------  ---------  ---------
                   .org_0       code   0x000000    program   0x000004
                   .cinit    romdata   0x000004    program   0x000002
                   .org_1       code   0x000008    program   0x000002
                   .org_2       code   0x000018    program   0x00025e
                    .code       code   0x000276    program   0x000342
.config_300001_BUILD/DEFAULT/PRODUCTION/MAIN.O    romdata   0x300001    program   0x000001
.config_300002_BUILD/DEFAULT/PRODUCTION/MAIN.O    romdata   0x300002    program   0x000001
.config_300003_BUILD/DEFAULT/PRODUCTION/MAIN.O    romdata   0x300003    program   0x000001
.config_300005_BUILD/DEFAULT/PRODUCTION/MAIN.O    romdata   0x300005    program   0x000001
.config_300006_BUILD/DEFAULT/PRODUCTION/MAIN.O    romdata   0x300006    program   0x000001
.config_300008_BUILD/DEFAULT/PRODUCTION/MAIN.O    romdata   0x300008    program   0x000001
.config_300009_BUILD/DEFAULT/PRODUCTION/MAIN.O    romdata   0x300009    program   0x000001
.config_30000A_BUILD/DEFAULT/PRODUCTION/MAIN.O    romdata   0x30000a    program   0x000001
.config_30000B_BUILD/DEFAULT/PRODUCTION/MAIN.O    romdata   0x30000b    program   0x000001
.config_30000C_BUILD/DEFAULT/PRODUCTION/MAIN.O    romdata   0x30000c    program   0x000001
                   .udata      udata   0x000080       data   0x00000d



                              Program Memory Usage 
                               Start         End      
                           ---------   ---------      
                            0x000000    0x000005      
                            0x000008    0x000009      
                            0x000018    0x0005b7      
                            0x300001    0x300003      
                            0x300005    0x300006      
                            0x300008    0x30000c      
            1458 out of 33048 program addresses used, program memory utilization is 4%



                              Symbols - Sorted by Name
                     Name    Address   Location    Storage File                     
                ---------  ---------  ---------  --------- ---------                
                  HighInt   0x000032    program     static /home/dinusha/MPLABXProjects/ASM452.X/main.asm
                     Main   0x00007c    program     static /home/dinusha/MPLABXProjects/ASM452.X/main.asm
           _ab_mode_input   0x0003ce    program     static /home/dinusha/MPLABXProjects/ASM452.X/addressbus.asm
          _ab_mode_output   0x0003e8    program     static /home/dinusha/MPLABXProjects/ASM452.X/addressbus.asm
           _db_mode_input   0x000340    program     static /home/dinusha/MPLABXProjects/ASM452.X/databus.asm
          _db_mode_output   0x000352    program     static /home/dinusha/MPLABXProjects/ASM452.X/databus.asm
          addressbus_init   0x0003be    program     extern /home/dinusha/MPLABXProjects/ASM452.X/addressbus.asm
          addressbus_read   0x000402    program     extern /home/dinusha/MPLABXProjects/ASM452.X/addressbus.asm
         addressbus_write   0x00041c    program     extern /home/dinusha/MPLABXProjects/ASM452.X/addressbus.asm
       addressbusmode_set   0x0003c6    program     extern /home/dinusha/MPLABXProjects/ASM452.X/addressbus.asm
            become_iomode   0x000260    program     static /home/dinusha/MPLABXProjects/ASM452.X/main.asm
             databus_init   0x000330    program     extern /home/dinusha/MPLABXProjects/ASM452.X/databus.asm
             databus_read   0x000398    program     extern /home/dinusha/MPLABXProjects/ASM452.X/databus.asm
            databus_write   0x000364    program     extern /home/dinusha/MPLABXProjects/ASM452.X/databus.asm
          databusmode_set   0x00033a    program     extern /home/dinusha/MPLABXProjects/ASM452.X/databus.asm
             delay_millis   0x00028c    program     extern /home/dinusha/MPLABXProjects/ASM452.X/delays.asm
                 delay_us   0x000276    program     extern /home/dinusha/MPLABXProjects/ASM452.X/delays.asm
                  dm_loop   0x000278    program     static /home/dinusha/MPLABXProjects/ASM452.X/delays.asm
                 dmi_loop   0x00028e    program     static /home/dinusha/MPLABXProjects/ASM452.X/delays.asm
                 int_exit   0x00006e    program     static /home/dinusha/MPLABXProjects/ASM452.X/main.asm
                main_loop   0x0001a4    program     static /home/dinusha/MPLABXProjects/ASM452.X/main.asm
            mcp23s17_init   0x0002ae    program     extern /home/dinusha/MPLABXProjects/ASM452.X/mcp23s17.asm
            mcp23s17_read   0x0002de    program     extern /home/dinusha/MPLABXProjects/ASM452.X/mcp23s17.asm
           mcp23s17_write   0x0002c6    program     extern /home/dinusha/MPLABXProjects/ASM452.X/mcp23s17.asm
                 mcu_init   0x0001b6    program     static /home/dinusha/MPLABXProjects/ASM452.X/main.asm
                 psp_exit   0x00006a    program     static /home/dinusha/MPLABXProjects/ASM452.X/main.asm
               psp_handle   0x000046    program     static /home/dinusha/MPLABXProjects/ASM452.X/main.asm
            read_complete   0x000328    program     static /home/dinusha/MPLABXProjects/ASM452.X/ssp_hw.asm
          release_control   0x000234    program     static /home/dinusha/MPLABXProjects/ASM452.X/main.asm
            sram_deselect   0x00021a    program     static /home/dinusha/MPLABXProjects/ASM452.X/main.asm
                sram_init   0x000222    program     static /home/dinusha/MPLABXProjects/ASM452.X/main.asm
                sram_read   0x0001c2    program     static /home/dinusha/MPLABXProjects/ASM452.X/main.asm
               sram_write   0x0001ec    program     static /home/dinusha/MPLABXProjects/ASM452.X/main.asm
                 ssp_init   0x0002f6    program     extern /home/dinusha/MPLABXProjects/ASM452.X/ssp_hw.asm
                 ssp_read   0x000320    program     extern /home/dinusha/MPLABXProjects/ASM452.X/ssp_hw.asm
                ssp_write   0x00030e    program     extern /home/dinusha/MPLABXProjects/ASM452.X/ssp_hw.asm
           sw_serial_done   0x00059c    program     static /home/dinusha/MPLABXProjects/ASM452.X/usart_sw.asm
           sw_serial_loop   0x000588    program     static /home/dinusha/MPLABXProjects/ASM452.X/usart_sw.asm
            sw_serial_one   0x00059a    program     static /home/dinusha/MPLABXProjects/ASM452.X/usart_sw.asm
           sw_serial_zero   0x000594    program     static /home/dinusha/MPLABXProjects/ASM452.X/usart_sw.asm
            usart_getchar   0x000454    program     extern /home/dinusha/MPLABXProjects/ASM452.X/usart_hw.asm
        usart_getmessages   0x00046a    program     extern /home/dinusha/MPLABXProjects/ASM452.X/usart_hw.asm
          usart_hex2ascii   0x000566    program     extern /home/dinusha/MPLABXProjects/ASM452.X/usart_hw.asm
       usart_hex2ascii_nb   0x00053a    program     static /home/dinusha/MPLABXProjects/ASM452.X/usart_hw.asm
               usart_init   0x000436    program     extern /home/dinusha/MPLABXProjects/ASM452.X/usart_hw.asm
            usart_newline   0x00045c    program     extern /home/dinusha/MPLABXProjects/ASM452.X/usart_hw.asm
            usart_putchar   0x00044c    program     extern /home/dinusha/MPLABXProjects/ASM452.X/usart_hw.asm
            usart_sw_init   0x0005b2    program     static /home/dinusha/MPLABXProjects/ASM452.X/usart_sw.asm
         usart_sw_putchar   0x00057a    program     static /home/dinusha/MPLABXProjects/ASM452.X/usart_sw.asm
              wait_busack   0x000258    program     static /home/dinusha/MPLABXProjects/ASM452.X/main.asm
           write_complete   0x000316    program     static /home/dinusha/MPLABXProjects/ASM452.X/ssp_hw.asm
                z80_reset   0x00024c    program     static /home/dinusha/MPLABXProjects/ASM452.X/main.asm
                      ztn   0x00055c    program     static /home/dinusha/MPLABXProjects/ASM452.X/usart_hw.asm
              DELAY1_TEMP   0x000080       data     static /home/dinusha/MPLABXProjects/ASM452.X/delays.asm
              DELAY2_TEMP   0x000081       data     static /home/dinusha/MPLABXProjects/ASM452.X/delays.asm
            MCP23X17_DATA   0x000083       data     extern /home/dinusha/MPLABXProjects/ASM452.X/mcp23s17.asm
             MCP23X17_REG   0x000082       data     extern /home/dinusha/MPLABXProjects/ASM452.X/mcp23s17.asm
                   TXDATA   0x000084       data     static /home/dinusha/MPLABXProjects/ASM452.X/ssp_hw.asm
           addressbus_val   0x000086       data     extern /home/dinusha/MPLABXProjects/ASM452.X/addressbus.asm
                  counter   0x00008b       data     static /home/dinusha/MPLABXProjects/ASM452.X/usart_sw.asm
                  db_temp   0x000085       data     static /home/dinusha/MPLABXProjects/ASM452.X/databus.asm
                    tdata   0x00008a       data     static /home/dinusha/MPLABXProjects/ASM452.X/usart_sw.asm
                     temp   0x000088       data     static /home/dinusha/MPLABXProjects/ASM452.X/usart_hw.asm
                    temp2   0x000089       data     static /home/dinusha/MPLABXProjects/ASM452.X/usart_hw.asm



                              Symbols - Sorted by Address
                     Name    Address   Location    Storage File                     
                ---------  ---------  ---------  --------- ---------                
                  HighInt   0x000032    program     static /home/dinusha/MPLABXProjects/ASM452.X/main.asm
               psp_handle   0x000046    program     static /home/dinusha/MPLABXProjects/ASM452.X/main.asm
                 psp_exit   0x00006a    program     static /home/dinusha/MPLABXProjects/ASM452.X/main.asm
                 int_exit   0x00006e    program     static /home/dinusha/MPLABXProjects/ASM452.X/main.asm
                     Main   0x00007c    program     static /home/dinusha/MPLABXProjects/ASM452.X/main.asm
                main_loop   0x0001a4    program     static /home/dinusha/MPLABXProjects/ASM452.X/main.asm
                 mcu_init   0x0001b6    program     static /home/dinusha/MPLABXProjects/ASM452.X/main.asm
                sram_read   0x0001c2    program     static /home/dinusha/MPLABXProjects/ASM452.X/main.asm
               sram_write   0x0001ec    program     static /home/dinusha/MPLABXProjects/ASM452.X/main.asm
            sram_deselect   0x00021a    program     static /home/dinusha/MPLABXProjects/ASM452.X/main.asm
                sram_init   0x000222    program     static /home/dinusha/MPLABXProjects/ASM452.X/main.asm
          release_control   0x000234    program     static /home/dinusha/MPLABXProjects/ASM452.X/main.asm
                z80_reset   0x00024c    program     static /home/dinusha/MPLABXProjects/ASM452.X/main.asm
              wait_busack   0x000258    program     static /home/dinusha/MPLABXProjects/ASM452.X/main.asm
            become_iomode   0x000260    program     static /home/dinusha/MPLABXProjects/ASM452.X/main.asm
                 delay_us   0x000276    program     extern /home/dinusha/MPLABXProjects/ASM452.X/delays.asm
                  dm_loop   0x000278    program     static /home/dinusha/MPLABXProjects/ASM452.X/delays.asm
             delay_millis   0x00028c    program     extern /home/dinusha/MPLABXProjects/ASM452.X/delays.asm
                 dmi_loop   0x00028e    program     static /home/dinusha/MPLABXProjects/ASM452.X/delays.asm
            mcp23s17_init   0x0002ae    program     extern /home/dinusha/MPLABXProjects/ASM452.X/mcp23s17.asm
           mcp23s17_write   0x0002c6    program     extern /home/dinusha/MPLABXProjects/ASM452.X/mcp23s17.asm
            mcp23s17_read   0x0002de    program     extern /home/dinusha/MPLABXProjects/ASM452.X/mcp23s17.asm
                 ssp_init   0x0002f6    program     extern /home/dinusha/MPLABXProjects/ASM452.X/ssp_hw.asm
                ssp_write   0x00030e    program     extern /home/dinusha/MPLABXProjects/ASM452.X/ssp_hw.asm
           write_complete   0x000316    program     static /home/dinusha/MPLABXProjects/ASM452.X/ssp_hw.asm
                 ssp_read   0x000320    program     extern /home/dinusha/MPLABXProjects/ASM452.X/ssp_hw.asm
            read_complete   0x000328    program     static /home/dinusha/MPLABXProjects/ASM452.X/ssp_hw.asm
             databus_init   0x000330    program     extern /home/dinusha/MPLABXProjects/ASM452.X/databus.asm
          databusmode_set   0x00033a    program     extern /home/dinusha/MPLABXProjects/ASM452.X/databus.asm
           _db_mode_input   0x000340    program     static /home/dinusha/MPLABXProjects/ASM452.X/databus.asm
          _db_mode_output   0x000352    program     static /home/dinusha/MPLABXProjects/ASM452.X/databus.asm
            databus_write   0x000364    program     extern /home/dinusha/MPLABXProjects/ASM452.X/databus.asm
             databus_read   0x000398    program     extern /home/dinusha/MPLABXProjects/ASM452.X/databus.asm
          addressbus_init   0x0003be    program     extern /home/dinusha/MPLABXProjects/ASM452.X/addressbus.asm
       addressbusmode_set   0x0003c6    program     extern /home/dinusha/MPLABXProjects/ASM452.X/addressbus.asm
           _ab_mode_input   0x0003ce    program     static /home/dinusha/MPLABXProjects/ASM452.X/addressbus.asm
          _ab_mode_output   0x0003e8    program     static /home/dinusha/MPLABXProjects/ASM452.X/addressbus.asm
          addressbus_read   0x000402    program     extern /home/dinusha/MPLABXProjects/ASM452.X/addressbus.asm
         addressbus_write   0x00041c    program     extern /home/dinusha/MPLABXProjects/ASM452.X/addressbus.asm
               usart_init   0x000436    program     extern /home/dinusha/MPLABXProjects/ASM452.X/usart_hw.asm
            usart_putchar   0x00044c    program     extern /home/dinusha/MPLABXProjects/ASM452.X/usart_hw.asm
            usart_getchar   0x000454    program     extern /home/dinusha/MPLABXProjects/ASM452.X/usart_hw.asm
            usart_newline   0x00045c    program     extern /home/dinusha/MPLABXProjects/ASM452.X/usart_hw.asm
        usart_getmessages   0x00046a    program     extern /home/dinusha/MPLABXProjects/ASM452.X/usart_hw.asm
       usart_hex2ascii_nb   0x00053a    program     static /home/dinusha/MPLABXProjects/ASM452.X/usart_hw.asm
                      ztn   0x00055c    program     static /home/dinusha/MPLABXProjects/ASM452.X/usart_hw.asm
          usart_hex2ascii   0x000566    program     extern /home/dinusha/MPLABXProjects/ASM452.X/usart_hw.asm
         usart_sw_putchar   0x00057a    program     static /home/dinusha/MPLABXProjects/ASM452.X/usart_sw.asm
           sw_serial_loop   0x000588    program     static /home/dinusha/MPLABXProjects/ASM452.X/usart_sw.asm
           sw_serial_zero   0x000594    program     static /home/dinusha/MPLABXProjects/ASM452.X/usart_sw.asm
            sw_serial_one   0x00059a    program     static /home/dinusha/MPLABXProjects/ASM452.X/usart_sw.asm
           sw_serial_done   0x00059c    program     static /home/dinusha/MPLABXProjects/ASM452.X/usart_sw.asm
            usart_sw_init   0x0005b2    program     static /home/dinusha/MPLABXProjects/ASM452.X/usart_sw.asm
              DELAY1_TEMP   0x000080       data     static /home/dinusha/MPLABXProjects/ASM452.X/delays.asm
              DELAY2_TEMP   0x000081       data     static /home/dinusha/MPLABXProjects/ASM452.X/delays.asm
             MCP23X17_REG   0x000082       data     extern /home/dinusha/MPLABXProjects/ASM452.X/mcp23s17.asm
            MCP23X17_DATA   0x000083       data     extern /home/dinusha/MPLABXProjects/ASM452.X/mcp23s17.asm
                   TXDATA   0x000084       data     static /home/dinusha/MPLABXProjects/ASM452.X/ssp_hw.asm
                  db_temp   0x000085       data     static /home/dinusha/MPLABXProjects/ASM452.X/databus.asm
           addressbus_val   0x000086       data     extern /home/dinusha/MPLABXProjects/ASM452.X/addressbus.asm
                     temp   0x000088       data     static /home/dinusha/MPLABXProjects/ASM452.X/usart_hw.asm
                    temp2   0x000089       data     static /home/dinusha/MPLABXProjects/ASM452.X/usart_hw.asm
                    tdata   0x00008a       data     static /home/dinusha/MPLABXProjects/ASM452.X/usart_sw.asm
                  counter   0x00008b       data     static /home/dinusha/MPLABXProjects/ASM452.X/usart_sw.asm


