MPLINK 5.09, LINKER
Linker Map File - Created Sun Aug  9 12:18:29 2020

                                 Section Info
                  Section       Type    Address   Location Size(Bytes)
                ---------  ---------  ---------  ---------  ---------
                   .org_0       code   0x000000    program   0x000004
                   .cinit    romdata   0x000004    program   0x000002
                   .org_1       code   0x000008    program   0x000004
                   .org_2       code   0x000018    program   0x0001b2
                    .code       code   0x0001ca    program   0x000742
.config_300001_BUILD/DEFAULT/PRODUCTION/MAIN.O    romdata   0x300001    program   0x000001
.config_300002_BUILD/DEFAULT/PRODUCTION/MAIN.O    romdata   0x300002    program   0x000001
.config_300003_BUILD/DEFAULT/PRODUCTION/MAIN.O    romdata   0x300003    program   0x000001
.config_300005_BUILD/DEFAULT/PRODUCTION/MAIN.O    romdata   0x300005    program   0x000001
.config_300006_BUILD/DEFAULT/PRODUCTION/MAIN.O    romdata   0x300006    program   0x000001
.config_300008_BUILD/DEFAULT/PRODUCTION/MAIN.O    romdata   0x300008    program   0x000001
.config_300009_BUILD/DEFAULT/PRODUCTION/MAIN.O    romdata   0x300009    program   0x000001
.config_30000A_BUILD/DEFAULT/PRODUCTION/MAIN.O    romdata   0x30000a    program   0x000001
.config_30000B_BUILD/DEFAULT/PRODUCTION/MAIN.O    romdata   0x30000b    program   0x000001
.config_30000C_BUILD/DEFAULT/PRODUCTION/MAIN.O    romdata   0x30000c    program   0x000001
                   .udata      udata   0x000080       data   0x00000d



                              Program Memory Usage 
                               Start         End      
                           ---------   ---------      
                            0x000000    0x000005      
                            0x000008    0x00000b      
                            0x000018    0x00090b      
                            0x300001    0x300003      
                            0x300005    0x300006      
                            0x300008    0x30000c      
            2312 out of 33048 program addresses used, program memory utilization is 6%



                              Symbols - Sorted by Name
                     Name    Address   Location    Storage File                     
                ---------  ---------  ---------  --------- ---------                
                  HighInt   0x000032    program     static /home/dinusha/MPLABXProjects/ASM452.X/main.asm
                     Main   0x00007c    program     static /home/dinusha/MPLABXProjects/ASM452.X/main.asm
           _ab_mode_input   0x000322    program     static /home/dinusha/MPLABXProjects/ASM452.X/addressbus.asm
          _ab_mode_output   0x00033c    program     static /home/dinusha/MPLABXProjects/ASM452.X/addressbus.asm
           _db_mode_input   0x000294    program     static /home/dinusha/MPLABXProjects/ASM452.X/databus.asm
          _db_mode_output   0x0002a6    program     static /home/dinusha/MPLABXProjects/ASM452.X/databus.asm
        _wr_sram_from_rom   0x0001b0    program     static /home/dinusha/MPLABXProjects/ASM452.X/main.asm
          addressbus_init   0x000312    program     extern /home/dinusha/MPLABXProjects/ASM452.X/addressbus.asm
          addressbus_read   0x000356    program     extern /home/dinusha/MPLABXProjects/ASM452.X/addressbus.asm
         addressbus_write   0x000370    program     extern /home/dinusha/MPLABXProjects/ASM452.X/addressbus.asm
       addressbusmode_set   0x00031a    program     extern /home/dinusha/MPLABXProjects/ASM452.X/addressbus.asm
             databus_init   0x000284    program     extern /home/dinusha/MPLABXProjects/ASM452.X/databus.asm
             databus_read   0x0002ec    program     extern /home/dinusha/MPLABXProjects/ASM452.X/databus.asm
            databus_write   0x0002b8    program     extern /home/dinusha/MPLABXProjects/ASM452.X/databus.asm
          databusmode_set   0x00028e    program     extern /home/dinusha/MPLABXProjects/ASM452.X/databus.asm
             delay_millis   0x0001e0    program     extern /home/dinusha/MPLABXProjects/ASM452.X/delays.asm
                 delay_us   0x0001ca    program     extern /home/dinusha/MPLABXProjects/ASM452.X/delays.asm
                  dm_loop   0x0001cc    program     static /home/dinusha/MPLABXProjects/ASM452.X/delays.asm
                 dmi_loop   0x0001e2    program     static /home/dinusha/MPLABXProjects/ASM452.X/delays.asm
                 int_exit   0x00006c    program     static /home/dinusha/MPLABXProjects/ASM452.X/main.asm
                main_loop   0x0000bc    program     static /home/dinusha/MPLABXProjects/ASM452.X/main.asm
            mcp23s17_init   0x000202    program     extern /home/dinusha/MPLABXProjects/ASM452.X/mcp23s17.asm
            mcp23s17_read   0x000232    program     extern /home/dinusha/MPLABXProjects/ASM452.X/mcp23s17.asm
           mcp23s17_write   0x00021a    program     extern /home/dinusha/MPLABXProjects/ASM452.X/mcp23s17.asm
                 mcu_init   0x0000dc    program     static /home/dinusha/MPLABXProjects/ASM452.X/main.asm
                 psp_exit   0x00006a    program     static /home/dinusha/MPLABXProjects/ASM452.X/main.asm
               psp_handle   0x000044    program     static /home/dinusha/MPLABXProjects/ASM452.X/main.asm
            read_complete   0x00027c    program     static /home/dinusha/MPLABXProjects/ASM452.X/ssp_hw.asm
          release_control   0x000156    program     static /home/dinusha/MPLABXProjects/ASM452.X/main.asm
                 rom_data   0x00050c    program     extern /home/dinusha/MPLABXProjects/ASM452.X/rom.asm
           set_slave_mode   0x000182    program     static /home/dinusha/MPLABXProjects/ASM452.X/main.asm
            sram_deselect   0x00013c    program     static /home/dinusha/MPLABXProjects/ASM452.X/main.asm
                sram_init   0x000144    program     static /home/dinusha/MPLABXProjects/ASM452.X/main.asm
                sram_read   0x0000ec    program     static /home/dinusha/MPLABXProjects/ASM452.X/main.asm
               sram_write   0x000116    program     static /home/dinusha/MPLABXProjects/ASM452.X/main.asm
                 ssp_init   0x00024a    program     extern /home/dinusha/MPLABXProjects/ASM452.X/ssp_hw.asm
                 ssp_read   0x000274    program     extern /home/dinusha/MPLABXProjects/ASM452.X/ssp_hw.asm
                ssp_write   0x000262    program     extern /home/dinusha/MPLABXProjects/ASM452.X/ssp_hw.asm
           sw_serial_done   0x0004f0    program     static /home/dinusha/MPLABXProjects/ASM452.X/usart_sw.asm
           sw_serial_loop   0x0004dc    program     static /home/dinusha/MPLABXProjects/ASM452.X/usart_sw.asm
            sw_serial_one   0x0004ee    program     static /home/dinusha/MPLABXProjects/ASM452.X/usart_sw.asm
           sw_serial_zero   0x0004e8    program     static /home/dinusha/MPLABXProjects/ASM452.X/usart_sw.asm
            usart_getchar   0x0003a8    program     extern /home/dinusha/MPLABXProjects/ASM452.X/usart_hw.asm
        usart_getmessages   0x0003be    program     extern /home/dinusha/MPLABXProjects/ASM452.X/usart_hw.asm
          usart_hex2ascii   0x0004ba    program     extern /home/dinusha/MPLABXProjects/ASM452.X/usart_hw.asm
       usart_hex2ascii_nb   0x00048e    program     static /home/dinusha/MPLABXProjects/ASM452.X/usart_hw.asm
               usart_init   0x00038a    program     extern /home/dinusha/MPLABXProjects/ASM452.X/usart_hw.asm
            usart_newline   0x0003b0    program     extern /home/dinusha/MPLABXProjects/ASM452.X/usart_hw.asm
            usart_putchar   0x0003a0    program     extern /home/dinusha/MPLABXProjects/ASM452.X/usart_hw.asm
            usart_sw_init   0x000506    program     static /home/dinusha/MPLABXProjects/ASM452.X/usart_sw.asm
         usart_sw_putchar   0x0004ce    program     static /home/dinusha/MPLABXProjects/ASM452.X/usart_sw.asm
              wait_busack   0x00017a    program     static /home/dinusha/MPLABXProjects/ASM452.X/main.asm
           write_complete   0x00026a    program     static /home/dinusha/MPLABXProjects/ASM452.X/ssp_hw.asm
      write_flash_to_sram   0x00019c    program     static /home/dinusha/MPLABXProjects/ASM452.X/main.asm
                z80_reset   0x00016e    program     static /home/dinusha/MPLABXProjects/ASM452.X/main.asm
                      ztn   0x0004b0    program     static /home/dinusha/MPLABXProjects/ASM452.X/usart_hw.asm
              DELAY1_TEMP   0x000080       data     static /home/dinusha/MPLABXProjects/ASM452.X/delays.asm
              DELAY2_TEMP   0x000081       data     static /home/dinusha/MPLABXProjects/ASM452.X/delays.asm
            MCP23X17_DATA   0x000083       data     extern /home/dinusha/MPLABXProjects/ASM452.X/mcp23s17.asm
             MCP23X17_REG   0x000082       data     extern /home/dinusha/MPLABXProjects/ASM452.X/mcp23s17.asm
                   TXDATA   0x000084       data     static /home/dinusha/MPLABXProjects/ASM452.X/ssp_hw.asm
           addressbus_val   0x000086       data     extern /home/dinusha/MPLABXProjects/ASM452.X/addressbus.asm
                  counter   0x00008b       data     static /home/dinusha/MPLABXProjects/ASM452.X/usart_sw.asm
                  db_temp   0x000085       data     static /home/dinusha/MPLABXProjects/ASM452.X/databus.asm
                    tdata   0x00008a       data     static /home/dinusha/MPLABXProjects/ASM452.X/usart_sw.asm
                     temp   0x000088       data     static /home/dinusha/MPLABXProjects/ASM452.X/usart_hw.asm
                    temp2   0x000089       data     static /home/dinusha/MPLABXProjects/ASM452.X/usart_hw.asm



                              Symbols - Sorted by Address
                     Name    Address   Location    Storage File                     
                ---------  ---------  ---------  --------- ---------                
                  HighInt   0x000032    program     static /home/dinusha/MPLABXProjects/ASM452.X/main.asm
               psp_handle   0x000044    program     static /home/dinusha/MPLABXProjects/ASM452.X/main.asm
                 psp_exit   0x00006a    program     static /home/dinusha/MPLABXProjects/ASM452.X/main.asm
                 int_exit   0x00006c    program     static /home/dinusha/MPLABXProjects/ASM452.X/main.asm
                     Main   0x00007c    program     static /home/dinusha/MPLABXProjects/ASM452.X/main.asm
                main_loop   0x0000bc    program     static /home/dinusha/MPLABXProjects/ASM452.X/main.asm
                 mcu_init   0x0000dc    program     static /home/dinusha/MPLABXProjects/ASM452.X/main.asm
                sram_read   0x0000ec    program     static /home/dinusha/MPLABXProjects/ASM452.X/main.asm
               sram_write   0x000116    program     static /home/dinusha/MPLABXProjects/ASM452.X/main.asm
            sram_deselect   0x00013c    program     static /home/dinusha/MPLABXProjects/ASM452.X/main.asm
                sram_init   0x000144    program     static /home/dinusha/MPLABXProjects/ASM452.X/main.asm
          release_control   0x000156    program     static /home/dinusha/MPLABXProjects/ASM452.X/main.asm
                z80_reset   0x00016e    program     static /home/dinusha/MPLABXProjects/ASM452.X/main.asm
              wait_busack   0x00017a    program     static /home/dinusha/MPLABXProjects/ASM452.X/main.asm
           set_slave_mode   0x000182    program     static /home/dinusha/MPLABXProjects/ASM452.X/main.asm
      write_flash_to_sram   0x00019c    program     static /home/dinusha/MPLABXProjects/ASM452.X/main.asm
        _wr_sram_from_rom   0x0001b0    program     static /home/dinusha/MPLABXProjects/ASM452.X/main.asm
                 delay_us   0x0001ca    program     extern /home/dinusha/MPLABXProjects/ASM452.X/delays.asm
                  dm_loop   0x0001cc    program     static /home/dinusha/MPLABXProjects/ASM452.X/delays.asm
             delay_millis   0x0001e0    program     extern /home/dinusha/MPLABXProjects/ASM452.X/delays.asm
                 dmi_loop   0x0001e2    program     static /home/dinusha/MPLABXProjects/ASM452.X/delays.asm
            mcp23s17_init   0x000202    program     extern /home/dinusha/MPLABXProjects/ASM452.X/mcp23s17.asm
           mcp23s17_write   0x00021a    program     extern /home/dinusha/MPLABXProjects/ASM452.X/mcp23s17.asm
            mcp23s17_read   0x000232    program     extern /home/dinusha/MPLABXProjects/ASM452.X/mcp23s17.asm
                 ssp_init   0x00024a    program     extern /home/dinusha/MPLABXProjects/ASM452.X/ssp_hw.asm
                ssp_write   0x000262    program     extern /home/dinusha/MPLABXProjects/ASM452.X/ssp_hw.asm
           write_complete   0x00026a    program     static /home/dinusha/MPLABXProjects/ASM452.X/ssp_hw.asm
                 ssp_read   0x000274    program     extern /home/dinusha/MPLABXProjects/ASM452.X/ssp_hw.asm
            read_complete   0x00027c    program     static /home/dinusha/MPLABXProjects/ASM452.X/ssp_hw.asm
             databus_init   0x000284    program     extern /home/dinusha/MPLABXProjects/ASM452.X/databus.asm
          databusmode_set   0x00028e    program     extern /home/dinusha/MPLABXProjects/ASM452.X/databus.asm
           _db_mode_input   0x000294    program     static /home/dinusha/MPLABXProjects/ASM452.X/databus.asm
          _db_mode_output   0x0002a6    program     static /home/dinusha/MPLABXProjects/ASM452.X/databus.asm
            databus_write   0x0002b8    program     extern /home/dinusha/MPLABXProjects/ASM452.X/databus.asm
             databus_read   0x0002ec    program     extern /home/dinusha/MPLABXProjects/ASM452.X/databus.asm
          addressbus_init   0x000312    program     extern /home/dinusha/MPLABXProjects/ASM452.X/addressbus.asm
       addressbusmode_set   0x00031a    program     extern /home/dinusha/MPLABXProjects/ASM452.X/addressbus.asm
           _ab_mode_input   0x000322    program     static /home/dinusha/MPLABXProjects/ASM452.X/addressbus.asm
          _ab_mode_output   0x00033c    program     static /home/dinusha/MPLABXProjects/ASM452.X/addressbus.asm
          addressbus_read   0x000356    program     extern /home/dinusha/MPLABXProjects/ASM452.X/addressbus.asm
         addressbus_write   0x000370    program     extern /home/dinusha/MPLABXProjects/ASM452.X/addressbus.asm
               usart_init   0x00038a    program     extern /home/dinusha/MPLABXProjects/ASM452.X/usart_hw.asm
            usart_putchar   0x0003a0    program     extern /home/dinusha/MPLABXProjects/ASM452.X/usart_hw.asm
            usart_getchar   0x0003a8    program     extern /home/dinusha/MPLABXProjects/ASM452.X/usart_hw.asm
            usart_newline   0x0003b0    program     extern /home/dinusha/MPLABXProjects/ASM452.X/usart_hw.asm
        usart_getmessages   0x0003be    program     extern /home/dinusha/MPLABXProjects/ASM452.X/usart_hw.asm
       usart_hex2ascii_nb   0x00048e    program     static /home/dinusha/MPLABXProjects/ASM452.X/usart_hw.asm
                      ztn   0x0004b0    program     static /home/dinusha/MPLABXProjects/ASM452.X/usart_hw.asm
          usart_hex2ascii   0x0004ba    program     extern /home/dinusha/MPLABXProjects/ASM452.X/usart_hw.asm
         usart_sw_putchar   0x0004ce    program     static /home/dinusha/MPLABXProjects/ASM452.X/usart_sw.asm
           sw_serial_loop   0x0004dc    program     static /home/dinusha/MPLABXProjects/ASM452.X/usart_sw.asm
           sw_serial_zero   0x0004e8    program     static /home/dinusha/MPLABXProjects/ASM452.X/usart_sw.asm
            sw_serial_one   0x0004ee    program     static /home/dinusha/MPLABXProjects/ASM452.X/usart_sw.asm
           sw_serial_done   0x0004f0    program     static /home/dinusha/MPLABXProjects/ASM452.X/usart_sw.asm
            usart_sw_init   0x000506    program     static /home/dinusha/MPLABXProjects/ASM452.X/usart_sw.asm
                 rom_data   0x00050c    program     extern /home/dinusha/MPLABXProjects/ASM452.X/rom.asm
              DELAY1_TEMP   0x000080       data     static /home/dinusha/MPLABXProjects/ASM452.X/delays.asm
              DELAY2_TEMP   0x000081       data     static /home/dinusha/MPLABXProjects/ASM452.X/delays.asm
             MCP23X17_REG   0x000082       data     extern /home/dinusha/MPLABXProjects/ASM452.X/mcp23s17.asm
            MCP23X17_DATA   0x000083       data     extern /home/dinusha/MPLABXProjects/ASM452.X/mcp23s17.asm
                   TXDATA   0x000084       data     static /home/dinusha/MPLABXProjects/ASM452.X/ssp_hw.asm
                  db_temp   0x000085       data     static /home/dinusha/MPLABXProjects/ASM452.X/databus.asm
           addressbus_val   0x000086       data     extern /home/dinusha/MPLABXProjects/ASM452.X/addressbus.asm
                     temp   0x000088       data     static /home/dinusha/MPLABXProjects/ASM452.X/usart_hw.asm
                    temp2   0x000089       data     static /home/dinusha/MPLABXProjects/ASM452.X/usart_hw.asm
                    tdata   0x00008a       data     static /home/dinusha/MPLABXProjects/ASM452.X/usart_sw.asm
                  counter   0x00008b       data     static /home/dinusha/MPLABXProjects/ASM452.X/usart_sw.asm


